
> x-ray-ai@1.0.0 build
> next build

  Γû▓ Next.js 14.2.0
  - Environments: .env.local

   Creating an optimized production build ...
 Γ£ô Compiled successfully
   Linting and checking validity of types ...
   Collecting page data ...
   Generating static pages (0/15) ...
   Generating static pages (3/15) 
   Generating static pages (7/15) 
   Generating static pages (11/15) 
 Γ£ô Generating static pages (15/15)
cmd : 
At line:1 char:1
+ cmd /c "npm run build" > 
build_output.log 2>&1
+ ~~~~~~~~~~~~~~~~~~~~~~~~~~~
~~~~~~~~~~~~~~~~~~~
    + CategoryInfo           
   : NotSpecified: (:String  
  ) [], RemoteException
    + FullyQualifiedErrorId  
   : NativeCommandError
 
> Build error occurred
Error: ENOENT: no such file 
or directory, open 
'D:\manhattan 2\large-scale-p
rojects\next-based\x-ray_read
er\frontend\.next\server\page
s-manifest.json'
    at async open (node:inter
nal/fs/promises:642:25)
    at async 
Object.writeFile (node:intern
al/fs/promises:1249:14)
    at async writeFileUtf8 
(D:\manhattan 2\large-scale-p
rojects\next-based\x-ray_read
er\frontend\node_modules\next
\dist\build\index.js:155:5)
    at async writeManifest 
(D:\manhattan 2\large-scale-p
rojects\next-based\x-ray_read
er\frontend\node_modules\next
\dist\build\index.js:161:5)
    at async D:\manhattan 2\l
arge-scale-projects\next-base
d\x-ray_reader\frontend\node_
modules\next\dist\build\index
.js:2029:21
    at async 
Span.traceAsyncFn 
(D:\manhattan 2\large-scale-p
rojects\next-based\x-ray_read
er\frontend\node_modules\next
\dist\trace\trace.js:154:20)
    at async D:\manhattan 2\l
arge-scale-projects\next-base
d\x-ray_reader\frontend\node_
modules\next\dist\build\index
.js:1543:17
    at async 
Span.traceAsyncFn 
(D:\manhattan 2\large-scale-p
rojects\next-based\x-ray_read
er\frontend\node_modules\next
\dist\trace\trace.js:154:20)
    at async build 
(D:\manhattan 2\large-scale-p
rojects\next-based\x-ray_read
er\frontend\node_modules\next
\dist\build\index.js:366:9) {
  errno: -4058,
  code: 'ENOENT',
  syscall: 'open',
  path: 'D:\\manhattan 2\\lar
ge-scale-projects\\next-based
\\x-ray_reader\\frontend\\.ne
xt\\server\\pages-manifest.js
on'
}
